// Jest Snapshot v1, https://goo.gl/fbAQLP

exports[`MixedRouteQuoterV1 quotes #quoteExactInput V3 only 0 -> 2 -> 1 1`] = `369451`;

exports[`MixedRouteQuoterV1 quotes #quoteExactInput V3 only 0 -> 2 cross 0 tick, starting tick initialized 1`] = `165681`;

exports[`MixedRouteQuoterV1 quotes #quoteExactInput V3 only 0 -> 2 cross 0 tick, starting tick not initialized 1`] = `138216`;

exports[`MixedRouteQuoterV1 quotes #quoteExactInput V3 only 0 -> 2 cross 1 tick 1`] = `198732`;

exports[`MixedRouteQuoterV1 quotes #quoteExactInput V3 only 0 -> 2 cross 2 tick 1`] = `245136`;

exports[`MixedRouteQuoterV1 quotes #quoteExactInput V3 only 0 -> 2 cross 2 tick where after is initialized 1`] = `198770`;

exports[`MixedRouteQuoterV1 quotes #quoteExactInput V3 only 2 -> 0 cross 0 tick, starting tick initialized 1`] = `123244`;

exports[`MixedRouteQuoterV1 quotes #quoteExactInput V3 only 2 -> 0 cross 0 tick, starting tick not initialized 1`] = `127144`;

exports[`MixedRouteQuoterV1 quotes #quoteExactInput V3 only 2 -> 0 cross 2 1`] = `233882`;

exports[`MixedRouteQuoterV1 quotes #quoteExactInput V3 only 2 -> 0 cross 2 where tick after is initialized 1`] = `233890`;

exports[`MixedRouteQuoterV1 quotes #quoteExactInput V3 only 2 -> 1 1`] = `126819`;

exports[`MixedRouteQuoterV1 quotes #quoteExactInputSingle V3 0 -> 2 1`] = `245118`;

exports[`MixedRouteQuoterV1 quotes #quoteExactInputSingle V3 2 -> 0 1`] = `233854`;
