// Jest Snapshot v1, https://goo.gl/fbAQLP

exports[`PositionValue #fees when price is above the position range gas 1`] = `62932`;

exports[`PositionValue #fees when price is below the position range gas 1`] = `62900`;

exports[`PositionValue #fees when price is within the position range gas 1`] = `68852`;

exports[`PositionValue #principal gas 1`] = `23285`;

exports[`PositionValue #total gas 1`] = `75697`;
