// Jest Snapshot v1, https://goo.gl/fbAQLP

exports[`QuoterV2 quotes #quoteExactInput 0 -> 2 -> 1 1`] = `312538`;

exports[`QuoterV2 quotes #quoteExactInput 0 -> 2 cross 0 tick, starting tick initialized 1`] = `143603`;

exports[`QuoterV2 quotes #quoteExactInput 0 -> 2 cross 0 tick, starting tick not initialized 1`] = `120699`;

exports[`QuoterV2 quotes #quoteExactInput 0 -> 2 cross 1 tick 1`] = `166870`;

exports[`QuoterV2 quotes #quoteExactInput 0 -> 2 cross 2 tick 1`] = `206864`;

exports[`QuoterV2 quotes #quoteExactInput 0 -> 2 cross 2 tick where after is initialized 1`] = `166908`;

exports[`QuoterV2 quotes #quoteExactInput 2 -> 0 cross 0 tick, starting tick initialized 1`] = `115003`;

exports[`QuoterV2 quotes #quoteExactInput 2 -> 0 cross 0 tick, starting tick not initialized 1`] = `111104`;

exports[`QuoterV2 quotes #quoteExactInput 2 -> 0 cross 2 1`] = `197258`;

exports[`QuoterV2 quotes #quoteExactInput 2 -> 0 cross 2 where tick after is initialized 1`] = `197266`;

exports[`QuoterV2 quotes #quoteExactInput 2 -> 1 1`] = `114678`;

exports[`QuoterV2 quotes #quoteExactInputSingle 0 -> 2 1`] = `206846`;

exports[`QuoterV2 quotes #quoteExactInputSingle 2 -> 0 1`] = `197230`;

exports[`QuoterV2 quotes #quoteExactOutput 0 -> 2 -> 1 1`] = `312138`;

exports[`QuoterV2 quotes #quoteExactOutput 0 -> 2 cross 0 tick starting tick initialized 1`] = `143122`;

exports[`QuoterV2 quotes #quoteExactOutput 0 -> 2 cross 0 tick starting tick not initialized 1`] = `120238`;

exports[`QuoterV2 quotes #quoteExactOutput 0 -> 2 cross 1 tick 1`] = `166120`;

exports[`QuoterV2 quotes #quoteExactOutput 0 -> 2 cross 2 tick 1`] = `205870`;

exports[`QuoterV2 quotes #quoteExactOutput 0 -> 2 cross 2 where tick after is initialized 1`] = `166158`;

exports[`QuoterV2 quotes #quoteExactOutput 2 -> 0 cross 1 tick 1`] = `157622`;

exports[`QuoterV2 quotes #quoteExactOutput 2 -> 0 cross 2 ticks 1`] = `197364`;

exports[`QuoterV2 quotes #quoteExactOutput 2 -> 0 cross 2 where tick after is initialized 1`] = `197358`;

exports[`QuoterV2 quotes #quoteExactOutput 2 -> 1 1`] = `115255`;

exports[`QuoterV2 quotes #quoteExactOutputSingle 0 -> 1 1`] = `124919`;

exports[`QuoterV2 quotes #quoteExactOutputSingle 1 -> 0 1`] = `115860`;
