// Jest Snapshot v1, https://goo.gl/fbAQLP

exports[`UniswapV3Factory factory bytecode size 1`] = `3129`;

exports[`UniswapV3Factory pool bytecode size 1`] = `0`;
